[preview.colorlib.com/theme/seapalace/index.html]
[backblue.gif]
[fade.gif]
[index.html]
[preview.colorlib.com/theme/seapalace/img/xfavicon.png.pagespeed.ic.HJuMaNRYCE.png]
[preview.colorlib.com/theme/seapalace/css/A.style.css.pagespeed.cf.w8bTtNlX0R.css]
[preview.colorlib.com/theme/seapalace/vendors/A.bootstrap,,_bootstrap.min.css+fontawesome,,_css,,_all.min.css+themify-icons,,_themify-icons.css+linericon,,_style.css+magnefic-popup,,_magnific-popup.css+owl-ca]
[preview.colorlib.com/theme/seapalace/index-2.html]
[preview.colorlib.com/theme/seapalace/img/xLogo.png.pagespeed.ic.n_KYVfxlKi.png]
[preview.colorlib.com/theme/seapalace/about.html]
[preview.colorlib.com/theme/seapalace/properties.html]
[preview.colorlib.com/theme/seapalace/gallery.html]
[preview.colorlib.com/theme/seapalace/blog.html]
[preview.colorlib.com/theme/seapalace/blog-single.html]
[preview.colorlib.com/theme/seapalace/contact.html]
[preview.colorlib.com/theme/seapalace/img/home/xwelcomeBanner1.png.pagespeed.ic.CdXJjom_-b.png]
[preview.colorlib.com/theme/seapalace/img/home/xwelcomeBanner2.png.pagespeed.ic.6YC9JjZSoU.png]
[preview.colorlib.com/theme/seapalace/img/home/xwelcomeBanner3.png.pagespeed.ic.CHh5RK_6CB.png]
[preview.colorlib.com/theme/seapalace/img/home/xbed-icon.png.pagespeed.ic.HJuMaNRYCE.png]
[preview.colorlib.com/theme/seapalace/img/home/xexplore1.png.pagespeed.ic.QBsrCeS0jE.png]
[preview.colorlib.com/theme/seapalace/img/home/xexplore2.png.pagespeed.ic.zE5WoQMbqO.png]
[preview.colorlib.com/theme/seapalace/img/home/xexplore3.png.pagespeed.ic.xLjd8jH-1k.png]
[preview.colorlib.com/theme/seapalace/img/home/xspecial.png.pagespeed.ic.5zl9yFpP8e.png]
[preview.colorlib.com/theme/seapalace/img/home/xtestimonial1.png.pagespeed.ic.FO0jQdivE1.png]
[preview.colorlib.com/theme/seapalace/img/home/xtestimonial2.png.pagespeed.ic.0BRwyEgiJ5.png]
[preview.colorlib.com/theme/seapalace/img/home/xtestimonial3.png.pagespeed.ic._e3s32AZ_I.png]
[preview.colorlib.com/theme/seapalace/vendors/jquery/jquery-3.2.1.min.js]
[preview.colorlib.com/theme/seapalace/index.html]
[preview.colorlib.com/theme/seapalace/vendors/bootstrap,_bootstrap.bundle.min.js+magnefic-popup,_jquery.magnific-popup.min.js.pagespeed.jc.FpzabmR24f.js]
[preview.colorlib.com/theme/seapalace/vendors,_owl-carousel,_owl.carousel.min.js+vendors,_easing.min.js+vendors,_superfish.min.js+vendors,_nice-select,_jquery.nice-select.min.js+vendors,_jquery.ajaxchimp.min]
[preview.colorlib.com/theme/seapalace/vendors/fontawesome/webfonts/fa-brands-400.eot]
[preview.colorlib.com/theme/seapalace/vendors/fontawesome/webfonts/fa-brands-400d41d.eot]
[preview.colorlib.com/theme/seapalace/vendors/fontawesome/webfonts/fa-brands-400.woff2]
[preview.colorlib.com/theme/seapalace/vendors/fontawesome/webfonts/fa-brands-400.woff]
[preview.colorlib.com/theme/seapalace/vendors/fontawesome/webfonts/fa-brands-400.ttf]
[preview.colorlib.com/theme/seapalace/vendors/fontawesome/webfonts/fa-brands-400.svg]
[preview.colorlib.com/theme/seapalace/vendors/fontawesome/webfonts/fa-regular-400.eot]
[preview.colorlib.com/theme/seapalace/vendors/fontawesome/webfonts/fa-regular-400d41d.eot]
[preview.colorlib.com/theme/seapalace/vendors/fontawesome/webfonts/fa-regular-400.woff2]
[preview.colorlib.com/theme/seapalace/vendors/fontawesome/webfonts/fa-regular-400.woff]
[preview.colorlib.com/theme/seapalace/vendors/fontawesome/webfonts/fa-regular-400.ttf]
[preview.colorlib.com/theme/seapalace/vendors/fontawesome/webfonts/fa-regular-400.svg]
[preview.colorlib.com/theme/seapalace/vendors/fontawesome/webfonts/fa-solid-900.eot]
[preview.colorlib.com/theme/seapalace/vendors/fontawesome/webfonts/fa-solid-900d41d.eot]
[preview.colorlib.com/theme/seapalace/vendors/fontawesome/webfonts/fa-solid-900.woff2]
[preview.colorlib.com/theme/seapalace/vendors/fontawesome/webfonts/fa-solid-900.woff]
[preview.colorlib.com/theme/seapalace/vendors/fontawesome/webfonts/fa-solid-900.ttf]
[preview.colorlib.com/theme/seapalace/vendors/fontawesome/webfonts/fa-solid-900.svg]
[preview.colorlib.com/theme/seapalace/vendors/themify-icons/fonts/themify9f24.eot]
[preview.colorlib.com/theme/seapalace/vendors/themify-icons/fonts/themifyd41d.eot]
[preview.colorlib.com/theme/seapalace/vendors/themify-icons/fonts/themify9f24.woff]
[preview.colorlib.com/theme/seapalace/vendors/themify-icons/fonts/themify9f24.ttf]
[preview.colorlib.com/theme/seapalace/vendors/themify-icons/fonts/themify9f24.svg]
[preview.colorlib.com/theme/seapalace/vendors/linericon/fonts/Linearicons-Free54e9.eot]
[preview.colorlib.com/theme/seapalace/vendors/linericon/fonts/Linearicons-Freed41d.eot]
[preview.colorlib.com/theme/seapalace/vendors/linericon/fonts/Linearicons-Free54e9.woff2]
[preview.colorlib.com/theme/seapalace/vendors/linericon/fonts/Linearicons-Free54e9.woff]
[preview.colorlib.com/theme/seapalace/vendors/linericon/fonts/Linearicons-Free54e9.ttf]
[preview.colorlib.com/theme/seapalace/vendors/A.bootstrap,,_bootstrap.min.css+fontawesome,,_css,,_all.min.css+themify-icons,,_themify-icons.css+linericon,,_style.css+magnefic-popup,,_magnific-popup.css+owl-ca]
[preview.colorlib.com/theme/seapalace/vendors/linericon/fonts/Linearicons-Free54e9.svg]
[preview.colorlib.com/theme/seapalace/img/home/xcontact-bg.png.pagespeed.ic.ddSvWsTNiU.png]
[preview.colorlib.com/theme/seapalace/css/A.style.css.pagespeed.cf.w8bTtNlX0R.css]
[preview.colorlib.com/cdn-cgi/zaraz/sd0d9.js]
[preview.colorlib.com/theme/seapalace/index-2.html]
[preview.colorlib.com/theme/seapalace/about.html]
[preview.colorlib.com/theme/seapalace/img/home/explore4.png]
[preview.colorlib.com/theme/seapalace/vendors,_easing.min.js+vendors,_superfish.min.js+vendors,_owl-carousel,_owl.carousel.min.js+vendors,_nice-select,_jquery.nice-select.min.js+vendors,_jquery.ajaxchimp.min]
[preview.colorlib.com/theme/seapalace/vendors/bootstrap,_bootstrap.min.css+fontawesome,_css,_all.min.css+themify-icons,_themify-icons.css+linericon,_style.css+magnefic-popup,_magnific-popup.css+nice-select,_n]
[preview.colorlib.com/theme/seapalace/img/home/explore5.png]
[preview.colorlib.com/theme/seapalace/img/home/explore6.png]
[preview.colorlib.com/theme/seapalace/properties.html]
[preview.colorlib.com/theme/seapalace/img/gallery/g1.png]
[preview.colorlib.com/theme/seapalace/vendors,_easing.min.js+vendors,_superfish.min.js+vendors,_nice-select,_jquery.nice-select.min.js+vendors,_jquery.ajaxchimp.min.js+vendors,_mail-script.js+js,_main.js.page]
[preview.colorlib.com/theme/seapalace/img/gallery/g2.png]
[preview.colorlib.com/theme/seapalace/img/gallery/g3.png]
[preview.colorlib.com/theme/seapalace/img/gallery/g4.png]
[preview.colorlib.com/theme/seapalace/img/gallery/g5.png]
[preview.colorlib.com/theme/seapalace/img/gallery/g6.png]
[preview.colorlib.com/theme/seapalace/img/gallery/g7.png]
[preview.colorlib.com/theme/seapalace/gallery.html]
[preview.colorlib.com/theme/seapalace/img/blog/cat-post/cat-post-3.jpg]
[preview.colorlib.com/theme/seapalace/img/blog/cat-post/cat-post-2.jpg]
[preview.colorlib.com/theme/seapalace/img/blog/cat-post/cat-post-1.jpg]
[preview.colorlib.com/theme/seapalace/img/blog/main-blog/m-blog-1.jpg]
[preview.colorlib.com/theme/seapalace/img/blog/main-blog/m-blog-2.jpg]
[preview.colorlib.com/theme/seapalace/img/blog/main-blog/m-blog-3.jpg]
[preview.colorlib.com/theme/seapalace/img/blog/main-blog/m-blog-4.jpg]
[preview.colorlib.com/theme/seapalace/img/blog/main-blog/m-blog-5.jpg]
[preview.colorlib.com/theme/seapalace/img/blog/author.png]
[preview.colorlib.com/theme/seapalace/img/blog/popular-post/post1.jpg]
[preview.colorlib.com/theme/seapalace/img/blog/popular-post/post2.jpg]
[preview.colorlib.com/theme/seapalace/img/blog/popular-post/post3.jpg]
[preview.colorlib.com/theme/seapalace/img/blog/popular-post/post4.jpg]
[preview.colorlib.com/theme/seapalace/img/blog/add.jpg]
[preview.colorlib.com/theme/seapalace/blog.html]
[preview.colorlib.com/theme/seapalace/css/style.css]
[preview.colorlib.com/theme/seapalace/vendors/bootstrap,_bootstrap.min.css+fontawesome,_css,_all.min.css+themify-icons,_themify-icons.css+linericon,_style.css+magnefic-popup,_magnific-popup.css.pagespeed.cc.0]
[preview.colorlib.com/theme/seapalace/img/blog/feature-img1.jpg]
[preview.colorlib.com/theme/seapalace/img/blog/post-img1.jpg]
[preview.colorlib.com/theme/seapalace/img/blog/post-img2.jpg]
[preview.colorlib.com/theme/seapalace/img/blog/prev.jpg]
[preview.colorlib.com/theme/seapalace/img/blog/next.jpg]
[preview.colorlib.com/theme/seapalace/img/blog/c1.jpg]
[preview.colorlib.com/theme/seapalace/img/blog/c2.jpg]
[preview.colorlib.com/theme/seapalace/img/blog/c3.jpg]
[preview.colorlib.com/theme/seapalace/img/blog/c4.jpg]
[preview.colorlib.com/theme/seapalace/img/blog/c5.jpg]
[preview.colorlib.com/theme/seapalace/blog-details.html]
[preview.colorlib.com/theme/seapalace/img/blog/popular-post/xpost3.jpg.pagespeed.ic.aExFYTFPep.jpg]
[preview.colorlib.com/theme/seapalace/blog-single.html]
[preview.colorlib.com/cdn-cgi/scripts/5c5dd728/cloudflare-static/email-decode.min.js]
[preview.colorlib.com/theme/seapalace/vendors/bootstrap/bootstrap.bundle.min.js]
[preview.colorlib.com/theme/seapalace/vendors/magnefic-popup/jquery.magnific-popup.min.js]
[preview.colorlib.com/theme/seapalace/vendors/easing.min.js]
[preview.colorlib.com/theme/seapalace/vendors/superfish.min.js]
[preview.colorlib.com/theme/seapalace/vendors/nice-select/jquery.nice-select.min.js]
[preview.colorlib.com/theme/seapalace/vendors/jquery.ajaxchimp.min.js]
[preview.colorlib.com/theme/seapalace/vendors/mail-script.js]
[preview.colorlib.com/theme/seapalace/vendors/jquery.form.js]
[preview.colorlib.com/theme/seapalace/vendors/jquery.validate.min.js]
[preview.colorlib.com/theme/seapalace/vendors/contact.js]
[preview.colorlib.com/theme/seapalace/contact.html]
[preview.colorlib.com/theme/seapalace/vendors/fontawesome/webfonts/fa-brands-400.html]
[preview.colorlib.com/theme/seapalace/vendors/fontawesome/webfonts/fa-regular-400.html]
[preview.colorlib.com/theme/seapalace/vendors/fontawesome/webfonts/fa-solid-900.html]
[preview.colorlib.com/theme/seapalace/vendors/themify-icons/fonts/themify9f24.svg]
[preview.colorlib.com/theme/seapalace/vendors/linericon/fonts/Linearicons-Free54e9.svg]
[preview.colorlib.com/theme/seapalace/vendors/bootstrap,_bootstrap.min.css+fontawesome,_css,_all.min.css+themify-icons,_themify-icons.css+linericon,_style.css+magnefic-popup,_magnific-popup.css+nice-select,_n]
[preview.colorlib.com/theme/seapalace/vendors/bootstrap,_bootstrap.min.css+fontawesome,_css,_all.min.css+themify-icons,_themify-icons.css+linericon,_style.css+magnefic-popup,_magnific-popup.css.pagespeed.cc.0]
[preview.colorlib.com/theme/seapalace/css/style.css]
[preview.colorlib.com/theme/seapalace/blog-details.html]
[preview.colorlib.com/theme/seapalace/js/main.js]
